// Jest Snapshot v1, https://goo.gl/fbAQLP

exports[`should match snapshot: Button 1`] = `
.c0 {
  font-size: 1em;
  font-weight: 600;
  color: #1565c0;
  padding: 0.3em 0.8em;
  background: #fafafa;
  border: 1px solid #1565c0;
  border-radius: 0.1em;
}

.c0:hover,
.c0:active,
.c0:focus {
  color: #fafafa;
  background-color: #1565c0;
}

<button
  className="c0"
>
  ボタン
</button>
`;
