// Jest Snapshot v1, https://goo.gl/fbAQLP

exports[`should match snapshot: App 1`] = `
.c0 {
  font-size: 3em;
  padding: 0.3em;
  background: #e3f2fd;
  border-bottom: solid 5px #1565c0;
  margin: 0 0 15px;
}

.c2 {
  font-size: 1.2em;
  font-weight: 600;
  margin: 0 0 15px;
  color: #000;
}

.c3 {
  font-size: 1.2em;
  padding: 0.3em;
  border: none;
  border-bottom: 1px solid #9e9e9e;
  width: 1.8em;
  text-align: center;
}

.c4 {
  font-size: 1em;
  font-weight: 600;
  color: #1565c0;
  padding: 0.3em 0.8em;
  background: #fafafa;
  border: 1px solid #1565c0;
  border-radius: 0.1em;
}

.c4:hover,
.c4:active,
.c4:focus {
  color: #fafafa;
  background-color: #1565c0;
}

.c1 {
  padding: 10px 15px;
}

<div>
  <h1
    className="c0"
  >
    ファイターズ選手名鑑2019
  </h1>
  <div
    className="c1"
  >
    <p
      className="c2"
    >
      背番号が
      <input
        className="c3"
        onChange={[Function]}
        value=""
      />
      の選手は誰?
    </p>
    <button
      className="c4"
      onClick={[Function]}
    >
      送信
    </button>
  </div>
</div>
`;
